
ERROR: JAVA_HOME is set to an invalid directory: D:/Program Files/JetBrains/IntelliJ IDEA Community Edition 2025.2.4/jbr

Please set the JAVA_HOME variable in your environment to match the
location of your Java installation.

